ðŸŒŸ This was machine generated.  Do not edit. ðŸŒŸ

Frame[0] {
    "custom": {
        "resultType": "matrix"
    }
}
Name: go_goroutines{job="prometheus"}
Dimensions: 2 Fields by 6 Rows
+-------------------------------+------------------------------------------------+
| Name: Time                    | Name: Value                                    |
| Labels:                       | Labels: __name__=go_goroutines, job=prometheus |
| Type: []time.Time             | Type: []*float64                               |
+-------------------------------+------------------------------------------------+
| 2022-01-11 08:25:32 +0000 UTC | null                                           |
| 2022-01-11 08:25:33 +0000 UTC | 21                                             |
| 2022-01-11 08:25:34 +0000 UTC | 32                                             |
| 2022-01-11 08:25:35 +0000 UTC | null                                           |
| 2022-01-11 08:25:36 +0000 UTC | null                                           |
| 2022-01-11 08:25:37 +0000 UTC | 43                                             |
+-------------------------------+------------------------------------------------+



Frame[1] {
    "custom": {
        "resultType": "matrix"
    }
}
Name: go_goroutines{job="other"}
Dimensions: 2 Fields by 6 Rows
+-------------------------------+-------------------------------------------+
| Name: Time                    | Name: Value                               |
| Labels:                       | Labels: __name__=go_goroutines, job=other |
| Type: []time.Time             | Type: []*float64                          |
+-------------------------------+-------------------------------------------+
| 2022-01-11 08:25:32 +0000 UTC | 11                                        |
| 2022-01-11 08:25:33 +0000 UTC | null                                      |
| 2022-01-11 08:25:34 +0000 UTC | null                                      |
| 2022-01-11 08:25:35 +0000 UTC | null                                      |
| 2022-01-11 08:25:36 +0000 UTC | 33                                        |
| 2022-01-11 08:25:37 +0000 UTC | null                                      |
+-------------------------------+-------------------------------------------+


====== TEST DATA RESPONSE (arrow base64) ======
FRAME=QVJST1cxAAD/////qAIAABAAAAAAAAoADgAMAAsABAAKAAAAFAAAAAAAAAEEAAoADAAAAAgABAAKAAAACAAAALAAAAADAAAAaAAAACgAAAAEAAAA5P3//wgAAAAMAAAAAAAAAAAAAAAFAAAAcmVmSWQAAAAE/v//CAAAACgAAAAfAAAAZ29fZ29yb3V0aW5lc3tqb2I9InByb21ldGhldXMifQAEAAAAbmFtZQAAAABA/v//CAAAACwAAAAiAAAAeyJjdXN0b20iOnsicmVzdWx0VHlwZSI6Im1hdHJpeCJ9fQAABAAAAG1ldGEAAAAAAgAAADQBAAAYAAAAAAASABgAFAATABIADAAAAAgABAASAAAAFAAAAOgAAADoAAAAAAADAegAAAADAAAAfAAAACwAAAAEAAAAyP7//wgAAAAQAAAABQAAAFZhbHVlAAAABAAAAG5hbWUAAAAA7P7//wgAAAA4AAAALwAAAHsiX19uYW1lX18iOiJnb19nb3JvdXRpbmVzIiwiam9iIjoicHJvbWV0aGV1cyJ9AAYAAABsYWJlbHMAADj///8IAAAARAAAADkAAAB7ImRpc3BsYXlOYW1lRnJvbURTIjoiZ29fZ29yb3V0aW5lc3tqb2I9XCJwcm9tZXRoZXVzXCJ9In0AAAAGAAAAY29uZmlnAAAAAAAAZv///wAAAgAFAAAAVmFsdWUAEgAYABQAAAATAAwAAAAIAAQAEgAAABQAAABoAAAAcAAAAAAAAApwAAAAAgAAADQAAAAEAAAA3P///wgAAAAQAAAABAAAAFRpbWUAAAAABAAAAG5hbWUAAAAACAAMAAgABAAIAAAACAAAAAwAAAACAAAAe30AAAYAAABsYWJlbHMAAAAAAAAAAAYACAAGAAYAAAAAAAMABAAAAFRpbWUAAAAA/////7gAAAAUAAAAAAAAAAwAFgAUABMADAAEAAwAAABoAAAAAAAAABQAAAAAAAADBAAKABgADAAIAAQACgAAABQAAABYAAAABgAAAAAAAAAAAAAABAAAAAAAAAAAAAAAAAAAAAAAAAAAAAAAAAAAADAAAAAAAAAAMAAAAAAAAAAEAAAAAAAAADgAAAAAAAAAMAAAAAAAAAAAAAAAAgAAAAYAAAAAAAAAAAAAAAAAAAAGAAAAAAAAAAMAAAAAAAAAANhKi9QpyRYAouXG1CnJFgBsgALVKckWADYbPtUpyRYAALZ51SnJFgDKULXVKckWJgAAAAAAAAAAAAAAAAAAAAAAAAAAADVAAAAAAAAAQEAAAAAAAAAAAAAAAAAAAAAAAAAAAACARUAQAAAADAAUABIADAAIAAQADAAAABAAAAAsAAAAPAAAAAAABAABAAAAuAIAAAAAAADAAAAAAAAAAGgAAAAAAAAAAAAAAAAAAAAAAAAAAAAKAAwAAAAIAAQACgAAAAgAAACwAAAAAwAAAGgAAAAoAAAABAAAAOT9//8IAAAADAAAAAAAAAAAAAAABQAAAHJlZklkAAAABP7//wgAAAAoAAAAHwAAAGdvX2dvcm91dGluZXN7am9iPSJwcm9tZXRoZXVzIn0ABAAAAG5hbWUAAAAAQP7//wgAAAAsAAAAIgAAAHsiY3VzdG9tIjp7InJlc3VsdFR5cGUiOiJtYXRyaXgifX0AAAQAAABtZXRhAAAAAAIAAAA0AQAAGAAAAAAAEgAYABQAEwASAAwAAAAIAAQAEgAAABQAAADoAAAA6AAAAAAAAwHoAAAAAwAAAHwAAAAsAAAABAAAAMj+//8IAAAAEAAAAAUAAABWYWx1ZQAAAAQAAABuYW1lAAAAAOz+//8IAAAAOAAAAC8AAAB7Il9fbmFtZV9fIjoiZ29fZ29yb3V0aW5lcyIsImpvYiI6InByb21ldGhldXMifQAGAAAAbGFiZWxzAAA4////CAAAAEQAAAA5AAAAeyJkaXNwbGF5TmFtZUZyb21EUyI6ImdvX2dvcm91dGluZXN7am9iPVwicHJvbWV0aGV1c1wifSJ9AAAABgAAAGNvbmZpZwAAAAAAAGb///8AAAIABQAAAFZhbHVlABIAGAAUAAAAEwAMAAAACAAEABIAAAAUAAAAaAAAAHAAAAAAAAAKcAAAAAIAAAA0AAAABAAAANz///8IAAAAEAAAAAQAAABUaW1lAAAAAAQAAABuYW1lAAAAAAgADAAIAAQACAAAAAgAAAAMAAAAAgAAAHt9AAAGAAAAbGFiZWxzAAAAAAAAAAAGAAgABgAGAAAAAAADAAQAAABUaW1lAAAAANgCAABBUlJPVzE=
FRAME=QVJST1cxAAD/////oAIAABAAAAAAAAoADgAMAAsABAAKAAAAFAAAAAAAAAEEAAoADAAAAAgABAAKAAAACAAAAKwAAAADAAAAZAAAACgAAAAEAAAA8P3//wgAAAAMAAAAAAAAAAAAAAAFAAAAcmVmSWQAAAAQ/v//CAAAACQAAAAaAAAAZ29fZ29yb3V0aW5lc3tqb2I9Im90aGVyIn0AAAQAAABuYW1lAAAAAEj+//8IAAAALAAAACIAAAB7ImN1c3RvbSI6eyJyZXN1bHRUeXBlIjoibWF0cml4In19AAAEAAAAbWV0YQAAAAACAAAALAEAABgAAAAAABIAGAAUABMAEgAMAAAACAAEABIAAAAUAAAA4AAAAOAAAAAAAAMB4AAAAAMAAAB4AAAALAAAAAQAAADQ/v//CAAAABAAAAAFAAAAVmFsdWUAAAAEAAAAbmFtZQAAAAD0/v//CAAAADQAAAAqAAAAeyJfX25hbWVfXyI6ImdvX2dvcm91dGluZXMiLCJqb2IiOiJvdGhlciJ9AAAGAAAAbGFiZWxzAAA8////CAAAAEAAAAA0AAAAeyJkaXNwbGF5TmFtZUZyb21EUyI6ImdvX2dvcm91dGluZXN7am9iPVwib3RoZXJcIn0ifQAAAAAGAAAAY29uZmlnAAAAAAAAZv///wAAAgAFAAAAVmFsdWUAEgAYABQAAAATAAwAAAAIAAQAEgAAABQAAABoAAAAcAAAAAAAAApwAAAAAgAAADQAAAAEAAAA3P///wgAAAAQAAAABAAAAFRpbWUAAAAABAAAAG5hbWUAAAAACAAMAAgABAAIAAAACAAAAAwAAAACAAAAe30AAAYAAABsYWJlbHMAAAAAAAAAAAYACAAGAAYAAAAAAAMABAAAAFRpbWUAAAAAAAAAAP////+4AAAAFAAAAAAAAAAMABYAFAATAAwABAAMAAAAaAAAAAAAAAAUAAAAAAAAAwQACgAYAAwACAAEAAoAAAAUAAAAWAAAAAYAAAAAAAAAAAAAAAQAAAAAAAAAAAAAAAAAAAAAAAAAAAAAAAAAAAAwAAAAAAAAADAAAAAAAAAABAAAAAAAAAA4AAAAAAAAADAAAAAAAAAAAAAAAAIAAAAGAAAAAAAAAAAAAAAAAAAABgAAAAAAAAAEAAAAAAAAAADYSovUKckWAKLlxtQpyRYAbIAC1SnJFgA2Gz7VKckWAAC2edUpyRYAylC11SnJFhEAAAAAAAAAAAAAAAAAJkAAAAAAAAAAAAAAAAAAAAAAAAAAAAAAAAAAAAAAAIBAQAAAAAAAAAAAEAAAAAwAFAASAAwACAAEAAwAAAAQAAAALAAAADgAAAAAAAQAAQAAALACAAAAAAAAwAAAAAAAAABoAAAAAAAAAAAAAAAAAAAAAAAKAAwAAAAIAAQACgAAAAgAAACsAAAAAwAAAGQAAAAoAAAABAAAAPD9//8IAAAADAAAAAAAAAAAAAAABQAAAHJlZklkAAAAEP7//wgAAAAkAAAAGgAAAGdvX2dvcm91dGluZXN7am9iPSJvdGhlciJ9AAAEAAAAbmFtZQAAAABI/v//CAAAACwAAAAiAAAAeyJjdXN0b20iOnsicmVzdWx0VHlwZSI6Im1hdHJpeCJ9fQAABAAAAG1ldGEAAAAAAgAAACwBAAAYAAAAAAASABgAFAATABIADAAAAAgABAASAAAAFAAAAOAAAADgAAAAAAADAeAAAAADAAAAeAAAACwAAAAEAAAA0P7//wgAAAAQAAAABQAAAFZhbHVlAAAABAAAAG5hbWUAAAAA9P7//wgAAAA0AAAAKgAAAHsiX19uYW1lX18iOiJnb19nb3JvdXRpbmVzIiwiam9iIjoib3RoZXIifQAABgAAAGxhYmVscwAAPP///wgAAABAAAAANAAAAHsiZGlzcGxheU5hbWVGcm9tRFMiOiJnb19nb3JvdXRpbmVze2pvYj1cIm90aGVyXCJ9In0AAAAABgAAAGNvbmZpZwAAAAAAAGb///8AAAIABQAAAFZhbHVlABIAGAAUAAAAEwAMAAAACAAEABIAAAAUAAAAaAAAAHAAAAAAAAAKcAAAAAIAAAA0AAAABAAAANz///8IAAAAEAAAAAQAAABUaW1lAAAAAAQAAABuYW1lAAAAAAgADAAIAAQACAAAAAgAAAAMAAAAAgAAAHt9AAAGAAAAbGFiZWxzAAAAAAAAAAAGAAgABgAGAAAAAAADAAQAAABUaW1lAAAAAMgCAABBUlJPVzE=
